{
    "tcs - seatoxin - compressed": {
        "content": [
            [
                "versions.yml:md5,696cea7c0ca72bf5aae47d05df2276d8"
            ]
        ],
        "meta": {
            "nf-test": "0.9.2",
            "nextflow": "24.10.4"
        },
        "timestamp": "2025-02-19T08:02:50.049720694"
    },
    "tcs - seatoxin - stub": {
        "content": [
            {
                "0": [
                    [
                        {
                            "id": "test"
                        },
                        "test.tcs:md5,d41d8cd98f00b204e9800998ecf8427e"
                    ]
                ],
                "1": [
                    [
                        {
                            "id": "test"
                        },
                        "test.scores:md5,d41d8cd98f00b204e9800998ecf8427e"
                    ]
                ],
                "2": [
                    "versions.yml:md5,696cea7c0ca72bf5aae47d05df2276d8"
                ],
                "scores": [
                    [
                        {
                            "id": "test"
                        },
                        "test.scores:md5,d41d8cd98f00b204e9800998ecf8427e"
                    ]
                ],
                "tcs": [
                    [
                        {
                            "id": "test"
                        },
                        "test.tcs:md5,d41d8cd98f00b204e9800998ecf8427e"
                    ]
                ],
                "versions": [
                    "versions.yml:md5,696cea7c0ca72bf5aae47d05df2276d8"
                ]
            }
        ],
        "meta": {
            "nf-test": "0.9.2",
            "nextflow": "24.10.4"
        },
        "timestamp": "2025-02-19T08:03:13.55612748"
    },
    "tcs - seatoxin - lib": {
        "content": [
            [
                "versions.yml:md5,696cea7c0ca72bf5aae47d05df2276d8"
            ]
        ],
        "meta": {
            "nf-test": "0.9.2",
            "nextflow": "24.10.4"
        },
        "timestamp": "2025-02-19T08:03:03.442861443"
    },
    "tcs - seatoxin": {
        "content": [
            [
                "versions.yml:md5,696cea7c0ca72bf5aae47d05df2276d8"
            ]
        ],
        "meta": {
            "nf-test": "0.9.2",
            "nextflow": "24.10.4"
        },
        "timestamp": "2025-02-19T08:02:34.071353672"
    }
}