{
    "align_sequence - uncompressed - seatoxin": {
        "content": [
            [
                "versions.yml:md5,95c81894b17f1e7cd917df513c27458e"
            ]
        ],
        "meta": {
            "nf-test": "0.9.2",
            "nextflow": "24.10.4"
        },
        "timestamp": "2025-02-19T08:01:20.749130634"
    },
    "align_with_structure - uncompressed - seatoxin": {
        "content": [
            [
                "versions.yml:md5,95c81894b17f1e7cd917df513c27458e"
            ]
        ],
        "meta": {
            "nf-test": "0.9.2",
            "nextflow": "24.10.4"
        },
        "timestamp": "2025-02-19T08:01:53.240805233"
    },
    "align_sequence - compressed - seatoxin": {
        "content": [
            [
                "versions.yml:md5,95c81894b17f1e7cd917df513c27458e"
            ]
        ],
        "meta": {
            "nf-test": "0.9.2",
            "nextflow": "24.10.4"
        },
        "timestamp": "2025-02-19T08:01:05.500957902"
    },
    "align_with_guide_tree - uncompressed - seatoxin": {
        "content": [
            [
                "versions.yml:md5,95c81894b17f1e7cd917df513c27458e"
            ]
        ],
        "meta": {
            "nf-test": "0.9.2",
            "nextflow": "24.10.4"
        },
        "timestamp": "2025-02-19T08:01:36.781063137"
    },
    "align_with_lib - seatoxin": {
        "content": [
            [
                "versions.yml:md5,95c81894b17f1e7cd917df513c27458e"
            ]
        ],
        "meta": {
            "nf-test": "0.9.2",
            "nextflow": "24.10.4"
        },
        "timestamp": "2025-02-19T08:02:04.884176473"
    },
    "align_sequence - uncompressed - seatoxin - stub": {
        "content": [
            {
                "0": [
                    [
                        {
                            "id": "test"
                        },
                        "test.aln:md5,d41d8cd98f00b204e9800998ecf8427e"
                    ]
                ],
                "1": [
                    
                ],
                "2": [
                    "versions.yml:md5,95c81894b17f1e7cd917df513c27458e"
                ],
                "alignment": [
                    [
                        {
                            "id": "test"
                        },
                        "test.aln:md5,d41d8cd98f00b204e9800998ecf8427e"
                    ]
                ],
                "lib": [
                    
                ],
                "versions": [
                    "versions.yml:md5,95c81894b17f1e7cd917df513c27458e"
                ]
            }
        ],
        "meta": {
            "nf-test": "0.9.2",
            "nextflow": "24.10.4"
        },
        "timestamp": "2025-02-19T08:02:17.843814218"
    }
}