{
    "seatoxin - compressed": {
        "content": [
            [
                "versions.yml:md5,37a65eeb2bbaf4430226c13e887455b5"
            ]
        ],
        "meta": {
            "nf-test": "0.9.2",
            "nextflow": "24.10.4"
        },
        "timestamp": "2025-02-19T08:40:55.045504615"
    },
    "seatoxin": {
        "content": [
            [
                "versions.yml:md5,37a65eeb2bbaf4430226c13e887455b5"
            ]
        ],
        "meta": {
            "nf-test": "0.9.2",
            "nextflow": "24.10.4"
        },
        "timestamp": "2025-02-19T08:40:28.430368371"
    },
    "seatoxin - uncompressed - stub": {
        "content": [
            {
                "0": [
                    [
                        {
                            "id": "test"
                        },
                        "setoxin.irmsd:md5,d41d8cd98f00b204e9800998ecf8427e"
                    ]
                ],
                "1": [
                    "versions.yml:md5,37a65eeb2bbaf4430226c13e887455b5"
                ],
                "irmsd": [
                    [
                        {
                            "id": "test"
                        },
                        "setoxin.irmsd:md5,d41d8cd98f00b204e9800998ecf8427e"
                    ]
                ],
                "versions": [
                    "versions.yml:md5,37a65eeb2bbaf4430226c13e887455b5"
                ]
            }
        ],
        "meta": {
            "nf-test": "0.9.2",
            "nextflow": "24.10.4"
        },
        "timestamp": "2025-02-19T08:41:16.70093499"
    }
}