{
    "consensus - no tree - uncompressed - seatoxin ": {
        "content": [
            [
                
            ]
        ],
        "meta": {
            "nf-test": "0.9.2",
            "nextflow": "24.10.4"
        },
        "timestamp": "2025-02-19T08:29:11.015227575"
    },
    "consensus - stub": {
        "content": [
            {
                "0": [
                    [
                        {
                            "id": "test2"
                        },
                        "consensus.aln:md5,d41d8cd98f00b204e9800998ecf8427e"
                    ],
                    [
                        {
                            "id": "test"
                        },
                        "consensus.aln:md5,d41d8cd98f00b204e9800998ecf8427e"
                    ]
                ],
                "1": [
                    
                ],
                "2": [
                    "versions.yml:md5,78694abc8fa1324bb7daea0d5a329d9d",
                    "versions.yml:md5,78694abc8fa1324bb7daea0d5a329d9d"
                ],
                "alignment": [
                    [
                        {
                            "id": "test2"
                        },
                        "consensus.aln:md5,d41d8cd98f00b204e9800998ecf8427e"
                    ],
                    [
                        {
                            "id": "test"
                        },
                        "consensus.aln:md5,d41d8cd98f00b204e9800998ecf8427e"
                    ]
                ],
                "eval": [
                    
                ],
                "versions": [
                    "versions.yml:md5,78694abc8fa1324bb7daea0d5a329d9d",
                    "versions.yml:md5,78694abc8fa1324bb7daea0d5a329d9d"
                ]
            }
        ],
        "meta": {
            "nf-test": "0.9.2",
            "nextflow": "24.10.4"
        },
        "timestamp": "2025-02-19T08:30:22.158771455"
    },
    "consensus - tree - compressed- seatoxin": {
        "content": [
            [
                "versions.yml:md5,78694abc8fa1324bb7daea0d5a329d9d",
                "versions.yml:md5,78694abc8fa1324bb7daea0d5a329d9d"
            ]
        ],
        "meta": {
            "nf-test": "0.9.2",
            "nextflow": "24.10.4"
        },
        "timestamp": "2025-02-19T08:30:00.5887393"
    },
    "consensus_evaluation - no tree - uncompressed - seatoxin ": {
        "content": [
            [
                
            ]
        ],
        "meta": {
            "nf-test": "0.9.2",
            "nextflow": "24.10.4"
        },
        "timestamp": "2025-02-19T08:29:37.646538595"
    }
}