{
    "align_sequence - uncompressed - seatoxin": {
        "content": [
            [
                "versions.yml:md5,044bf3966a378112bdfad5ad4fce13af"
            ]
        ],
        "meta": {
            "nf-test": "0.9.2",
            "nextflow": "24.10.4"
        },
        "timestamp": "2025-02-19T09:28:00.231756882"
    },
    "align_sequence - compressed - seatoxin": {
        "content": [
            [
                "versions.yml:md5,044bf3966a378112bdfad5ad4fce13af"
            ]
        ],
        "meta": {
            "nf-test": "0.9.2",
            "nextflow": "24.10.4"
        },
        "timestamp": "2025-02-19T09:27:46.158183014"
    },
    "align_with_guide_tree - uncompressed - seatoxin": {
        "content": [
            [
                "versions.yml:md5,044bf3966a378112bdfad5ad4fce13af"
            ]
        ],
        "meta": {
            "nf-test": "0.9.2",
            "nextflow": "24.10.4"
        },
        "timestamp": "2025-02-19T09:28:13.545161936"
    },
    "align_sequence - uncompressed - seatoxin - stub": {
        "content": [
            [
                [
                    {
                        "id": "test"
                    },
                    "test.aln:md5,d41d8cd98f00b204e9800998ecf8427e"
                ]
            ],
            [
                "versions.yml:md5,044bf3966a378112bdfad5ad4fce13af"
            ]
        ],
        "meta": {
            "nf-test": "0.9.2",
            "nextflow": "24.10.4"
        },
        "timestamp": "2025-02-19T09:28:30.733443807"
    }
}