{
    "seatoxin - stub": {
        "content": [
            [
                [
                    {
                        "id": "test"
                    },
                    "test.txt:md5,d41d8cd98f00b204e9800998ecf8427e"
                ]
            ],
            [
                "versions.yml:md5,a9310e6837f0e4ddf6a5a6e8b465351f"
            ]
        ],
        "meta": {
            "nf-test": "0.9.2",
            "nextflow": "24.10.4"
        },
        "timestamp": "2025-02-19T08:52:48.068857066"
    },
    "seatoxin": {
        "content": [
            [
                [
                    {
                        "id": "test"
                    },
                    "test.txt:md5,fcd4691daf120c88ec5def7ac06fb562"
                ]
            ],
            [
                "versions.yml:md5,a9310e6837f0e4ddf6a5a6e8b465351f"
            ]
        ],
        "meta": {
            "nf-test": "0.9.2",
            "nextflow": "24.10.4"
        },
        "timestamp": "2025-02-19T08:52:29.963402675"
    }
}