{
    "seatoxin - compressed": {
        "content": [
            {
                "0": [
                    [
                        {
                            "id": "test"
                        },
                        "setoxin-ref.fa.scores:md5,c77aceec520beb56f08c342e01c56a14"
                    ]
                ],
                "1": [
                    "versions.yml:md5,bf6ee077f62052ec8e3ee8d836f50c87"
                ],
                "scores": [
                    [
                        {
                            "id": "test"
                        },
                        "setoxin-ref.fa.scores:md5,c77aceec520beb56f08c342e01c56a14"
                    ]
                ],
                "versions": [
                    "versions.yml:md5,bf6ee077f62052ec8e3ee8d836f50c87"
                ]
            }
        ],
        "meta": {
            "nf-test": "0.9.2",
            "nextflow": "24.10.4"
        },
        "timestamp": "2025-02-19T08:10:13.98747038"
    },
    "seatoxin - stub": {
        "content": [
            {
                "0": [
                    [
                        {
                            "id": "test"
                        },
                        "test.scores:md5,d41d8cd98f00b204e9800998ecf8427e"
                    ]
                ],
                "1": [
                    "versions.yml:md5,bf6ee077f62052ec8e3ee8d836f50c87"
                ],
                "scores": [
                    [
                        {
                            "id": "test"
                        },
                        "test.scores:md5,d41d8cd98f00b204e9800998ecf8427e"
                    ]
                ],
                "versions": [
                    "versions.yml:md5,bf6ee077f62052ec8e3ee8d836f50c87"
                ]
            }
        ],
        "meta": {
            "nf-test": "0.9.2",
            "nextflow": "24.10.4"
        },
        "timestamp": "2025-02-19T08:10:31.783898713"
    },
    "seatoxin": {
        "content": [
            {
                "0": [
                    [
                        {
                            "id": "test"
                        },
                        "setoxin-ref.scores:md5,c77aceec520beb56f08c342e01c56a14"
                    ]
                ],
                "1": [
                    "versions.yml:md5,bf6ee077f62052ec8e3ee8d836f50c87"
                ],
                "scores": [
                    [
                        {
                            "id": "test"
                        },
                        "setoxin-ref.scores:md5,c77aceec520beb56f08c342e01c56a14"
                    ]
                ],
                "versions": [
                    "versions.yml:md5,bf6ee077f62052ec8e3ee8d836f50c87"
                ]
            }
        ],
        "meta": {
            "nf-test": "0.9.2",
            "nextflow": "24.10.4"
        },
        "timestamp": "2025-02-19T08:10:01.028826144"
    }
}