{
    "seatoxin - stub": {
        "content": [
            {
                "0": [
                    [
                        {
                            "id": "test"
                        },
                        "test.pdb:md5,d41d8cd98f00b204e9800998ecf8427e"
                    ]
                ],
                "1": [
                    "versions.yml:md5,a6b262900f5749525990c4a1dbd3ec3a"
                ],
                "formatted_pdb": [
                    [
                        {
                            "id": "test"
                        },
                        "test.pdb:md5,d41d8cd98f00b204e9800998ecf8427e"
                    ]
                ],
                "versions": [
                    "versions.yml:md5,a6b262900f5749525990c4a1dbd3ec3a"
                ]
            }
        ],
        "meta": {
            "nf-test": "0.9.2",
            "nextflow": "24.10.4"
        },
        "timestamp": "2025-02-19T09:05:55.935531255"
    },
    "seatoxin": {
        "content": [
            {
                "0": [
                    [
                        {
                            "id": "test"
                        },
                        "test.pdb:md5,f4d68827f3a77d8439a6f82036a0bda2"
                    ]
                ],
                "1": [
                    "versions.yml:md5,a6b262900f5749525990c4a1dbd3ec3a"
                ],
                "formatted_pdb": [
                    [
                        {
                            "id": "test"
                        },
                        "test.pdb:md5,f4d68827f3a77d8439a6f82036a0bda2"
                    ]
                ],
                "versions": [
                    "versions.yml:md5,a6b262900f5749525990c4a1dbd3ec3a"
                ]
            }
        ],
        "meta": {
            "nf-test": "0.9.2",
            "nextflow": "24.10.4"
        },
        "timestamp": "2025-02-19T09:05:33.92596781"
    }
}